Modules list:
-------------
hdma.o:
    CODE              Offs=000000  Size=00017F  Align=00001  Fill=0000
    RODATA            Offs=000000  Size=0012D0  Align=00001  Fill=0000
    BSS               Offs=000000  Size=000204  Align=00001  Fill=0000
    DATA              Offs=000000  Size=000000  Align=00001  Fill=0000
    ZEROPAGE          Offs=000000  Size=000000  Align=00001  Fill=0000
    NULL              Offs=000000  Size=000000  Align=00001  Fill=0000
/Users/lint/Dropbox/Snes/projects/Snes_Tools/cc65-sfclib/bin/sfc.lib(crt0.o):
    CODE              Offs=00017F  Size=000000  Align=00001  Fill=0000
    RODATA            Offs=0012D0  Size=000000  Align=00001  Fill=0000
    BSS               Offs=000204  Size=000000  Align=00001  Fill=0000
    DATA              Offs=000000  Size=000000  Align=00001  Fill=0000
    ZEROPAGE          Offs=000000  Size=000000  Align=00001  Fill=0000
    NULL              Offs=000000  Size=000000  Align=00001  Fill=0000
    STARTUP           Offs=000000  Size=000039  Align=00001  Fill=0000
    ROMINFO           Offs=000000  Size=000030  Align=00001  Fill=0000
    VECTORS           Offs=000000  Size=00001C  Align=00001  Fill=0000
/Users/lint/Dropbox/Snes/projects/Snes_Tools/cc65-sfclib/bin/sfc.lib(init.o):
    CODE              Offs=00017F  Size=0000F3  Align=00001  Fill=0000
    RODATA            Offs=0012D0  Size=000000  Align=00001  Fill=0000
    BSS               Offs=000204  Size=000000  Align=00001  Fill=0000
    DATA              Offs=000000  Size=000000  Align=00001  Fill=0000
    ZEROPAGE          Offs=000000  Size=000000  Align=00001  Fill=0000
    NULL              Offs=000000  Size=000000  Align=00001  Fill=0000
/Users/lint/Dropbox/Snes/projects/Snes_Tools/cc65-sfclib/bin/sfc.lib(event.o):
    CODE              Offs=000272  Size=0000A5  Align=00001  Fill=0000
    RODATA            Offs=0012D0  Size=000000  Align=00001  Fill=0000
    BSS               Offs=000204  Size=000081  Align=00001  Fill=0000
    DATA              Offs=000000  Size=000000  Align=00001  Fill=0000
    ZEROPAGE          Offs=000000  Size=000000  Align=00001  Fill=0000
    NULL              Offs=000000  Size=000000  Align=00001  Fill=0000


Segment list:
-------------
Name                   Start     End    Size  Align
----------------------------------------------------
DATA                  000000  000000  000000  00001
NULL                  000000  000000  000000  00001
ZEROPAGE              000000  000000  000000  00001
BSS                   000200  000484  000285  00001
STARTUP               008000  008038  000039  00001
CODE                  008039  00834F  000317  00001
RODATA                008350  00961F  0012D0  00001
ROMINFO               00FFB0  00FFDF  000030  00001
VECTORS               00FFE4  00FFFF  00001C  00001


Exports list by name:
---------------------
_IRQHandler               00811F RLA    _NMIHandler               008120 RLA    
__ROMINFO_FILEOFFS__      007FB0  EA    __ROMINFO_LAST__          00FFE0  LA    
__ROMINFO_SIZE__          000034  EA    __ROMINFO_START__         00FFB0  LA    
__STARTUP__               000001 REA    __VECTORS_FILEOFFS__      007FE4  EA    
__VECTORS_LAST__          010000  LA    __VECTORS_SIZE__          00001C  EA    
__VECTORS_START__         00FFE4  LA    _main                     008039 RLA    
_preInit                  008124 RLA    addEvent                  0082D2 RLA    
hdmaCount                 000200  LA    hdmaEvent                 00814C  LA    
hdmaInit                  008125  LA    hdmaMem                   000204  LA    
hdmaPos                   000202  LA    hdmaTable                 0094F0  LA    
initEvents                0082AB RLA    initSnes                  0081B8 RLA    
processEvents             0082FA RLA    removeEvent               00833E  LA    



Exports list by value:
----------------------
__STARTUP__               000001 REA    __VECTORS_SIZE__          00001C  EA    
__ROMINFO_SIZE__          000034  EA    hdmaCount                 000200  LA    
hdmaPos                   000202  LA    hdmaMem                   000204  LA    
__ROMINFO_FILEOFFS__      007FB0  EA    __VECTORS_FILEOFFS__      007FE4  EA    
_main                     008039 RLA    _IRQHandler               00811F RLA    
_NMIHandler               008120 RLA    _preInit                  008124 RLA    
hdmaInit                  008125  LA    hdmaEvent                 00814C  LA    
initSnes                  0081B8 RLA    initEvents                0082AB RLA    
addEvent                  0082D2 RLA    processEvents             0082FA RLA    
removeEvent               00833E  LA    hdmaTable                 0094F0  LA    
__ROMINFO_START__         00FFB0  LA    __ROMINFO_LAST__          00FFE0  LA    
__VECTORS_START__         00FFE4  LA    __VECTORS_LAST__          010000  LA    



Imports list:
-------------
_IRQHandler (hdma.o):
    crt0.o                    src/crt0.asm(13)
_NMIHandler (hdma.o):
    crt0.o                    src/crt0.asm(13)
__ROMINFO_FILEOFFS__ ([linker generated]):
__ROMINFO_LAST__ ([linker generated]):
__ROMINFO_SIZE__ ([linker generated]):
__ROMINFO_START__ ([linker generated]):
__STARTUP__ (crt0.o):
    hdma.o                    hdma.asm(10)
__VECTORS_FILEOFFS__ ([linker generated]):
__VECTORS_LAST__ ([linker generated]):
__VECTORS_SIZE__ ([linker generated]):
__VECTORS_START__ ([linker generated]):
_main (hdma.o):
    crt0.o                    src/crt0.asm(11)
_preInit (hdma.o):
    crt0.o                    src/crt0.asm(12)
addEvent (event.o):
    hdma.o                    hdma.asm(18)
hdmaCount (hdma.o):
hdmaEvent (hdma.o):
hdmaInit (hdma.o):
hdmaMem (hdma.o):
hdmaPos (hdma.o):
hdmaTable (hdma.o):
initEvents (event.o):
    hdma.o                    hdma.asm(17)
initSnes (init.o):
    crt0.o                    src/crt0.asm(15)
processEvents (event.o):
    hdma.o                    hdma.asm(20)
removeEvent (event.o):

