Modules list:
-------------
dual.o:
    CODE              Offs=000000  Size=0003BB  Align=00001  Fill=0000
    RODATA            Offs=000000  Size=000000  Align=00001  Fill=0000
    BSS               Offs=000000  Size=000028  Align=00001  Fill=0000
    DATA              Offs=000000  Size=000000  Align=00001  Fill=0000
    ZEROPAGE          Offs=000000  Size=000000  Align=00001  Fill=0000
    NULL              Offs=000000  Size=000000  Align=00001  Fill=0000
    BANK1             Offs=000000  Size=002F00  Align=00100  Fill=0000
    BANK2             Offs=000000  Size=0032E0  Align=00100  Fill=0000
../../../cc65-sfclib/bin/sfc.lib(crt0.o):
    CODE              Offs=0003BB  Size=000000  Align=00001  Fill=0000
    RODATA            Offs=000000  Size=000000  Align=00001  Fill=0000
    BSS               Offs=000028  Size=000000  Align=00001  Fill=0000
    DATA              Offs=000000  Size=000000  Align=00001  Fill=0000
    ZEROPAGE          Offs=000000  Size=000000  Align=00001  Fill=0000
    NULL              Offs=000000  Size=000000  Align=00001  Fill=0000
    STARTUP           Offs=000000  Size=000047  Align=00001  Fill=0000
    ROMINFO           Offs=000000  Size=000030  Align=00001  Fill=0000
    VECTORS           Offs=000000  Size=00001C  Align=00001  Fill=0000
../../../cc65-sfclib/bin/sfc.lib(init.o):
    CODE              Offs=0003BB  Size=0000F3  Align=00001  Fill=0000
    RODATA            Offs=000000  Size=000000  Align=00001  Fill=0000
    BSS               Offs=000028  Size=000000  Align=00001  Fill=0000
    DATA              Offs=000000  Size=000000  Align=00001  Fill=0000
    ZEROPAGE          Offs=000000  Size=000000  Align=00001  Fill=0000
    NULL              Offs=000000  Size=000000  Align=00001  Fill=0000
../../../cc65-sfclib/bin/sfc.lib(event.o):
    CODE              Offs=0004AE  Size=0000D1  Align=00001  Fill=0000
    RODATA            Offs=000000  Size=000000  Align=00001  Fill=0000
    BSS               Offs=000028  Size=000083  Align=00001  Fill=0000
    DATA              Offs=000000  Size=000000  Align=00001  Fill=0000
    ZEROPAGE          Offs=000000  Size=000000  Align=00001  Fill=0000
    NULL              Offs=000000  Size=000000  Align=00001  Fill=0000


Segment list:
-------------
Name                   Start     End    Size  Align
----------------------------------------------------
DATA                  000000  000000  000000  00001
NULL                  000000  000000  000000  00001
ZEROPAGE              000000  000000  000000  00001
BSS                   000200  0002AA  0000AB  00001
STARTUP               008000  008046  000047  00001
CODE                  008047  0085C5  00057F  00001
RODATA                0085C6  0085C6  000000  00001
ROMINFO               00FFB0  00FFDF  000030  00001
VECTORS               00FFE4  00FFFF  00001C  00001
BANK1                 018000  01AEFF  002F00  00100
BANK2                 028000  02B2DF  0032E0  00100


Exports list:
-------------
_IRQHandler               0083FC RLA    _NMIHandler               0083FD RLA    
__ROMINFO_FILEOFFS__      007FB0  EA    __ROMINFO_LAST__          00FFE0  LA    
__ROMINFO_SIZE__          000034  EA    __ROMINFO_START__         00FFB0  LA    
__STARTUP__               000001 REA    __VECTORS_FILEOFFS__      007FE4  EA    
__VECTORS_LAST__          010000  LA    __VECTORS_SIZE__          00001C  EA    
__VECTORS_START__         00FFE4  LA    _main                     008047 RLA    
_preInit                  008401 RLA    addEvent                  008521  LA    
eventsTable               000228  LA    getEventCounter           0085BA  LA    
initEvents                0084F5 RLA    initSnes                  008402 RLA    
levelMap                  028000  LA    levelPal                  02B100  LA    
levelTiles                018000  LA    processEvents             008550 RLA    
removeEvent               0085A3  LA    scoreMap                  02B200  LA    
scorePal                  02B2C0  LA    scoreTiles                01A300  LA    



Imports list:
-------------
_IRQHandler (dual.o):
    crt0.o                    src/crt0.asm(13)
_NMIHandler (dual.o):
    crt0.o                    src/crt0.asm(13)
__ROMINFO_FILEOFFS__ ([linker generated]):
__ROMINFO_LAST__ ([linker generated]):
__ROMINFO_SIZE__ ([linker generated]):
__ROMINFO_START__ ([linker generated]):
__STARTUP__ (crt0.o):
    dual.o                    dual.asm(10)
__VECTORS_FILEOFFS__ ([linker generated]):
__VECTORS_LAST__ ([linker generated]):
__VECTORS_SIZE__ ([linker generated]):
__VECTORS_START__ ([linker generated]):
_main (dual.o):
    crt0.o                    src/crt0.asm(11)
_preInit (dual.o):
    crt0.o                    src/crt0.asm(12)
addEvent (event.o):
eventsTable (event.o):
getEventCounter (event.o):
initEvents (event.o):
    dual.o                    dual.asm(17)
initSnes (init.o):
    crt0.o                    src/crt0.asm(15)
levelMap (dual.o):
levelPal (dual.o):
levelTiles (dual.o):
processEvents (event.o):
    dual.o                    dual.asm(20)
removeEvent (event.o):
scoreMap (dual.o):
scorePal (dual.o):
scoreTiles (dual.o):

