Modules list:
-------------
spriteIRQTrick.o:
    CODE              Offs=000000  Size=0001F9  Align=00001  Fill=0000
    RODATA            Offs=000000  Size=001031  Align=00001  Fill=0000
    BSS               Offs=000000  Size=000000  Align=00001  Fill=0000
    DATA              Offs=000000  Size=000000  Align=00001  Fill=0000
    ZEROPAGE          Offs=000000  Size=000002  Align=00001  Fill=0000
    NULL              Offs=000000  Size=000000  Align=00001  Fill=0000
../../bin/sfc.lib(crt0.o):
    CODE              Offs=0001F9  Size=000000  Align=00001  Fill=0000
    RODATA            Offs=001031  Size=000000  Align=00001  Fill=0000
    BSS               Offs=000000  Size=000000  Align=00001  Fill=0000
    DATA              Offs=000000  Size=000000  Align=00001  Fill=0000
    ZEROPAGE          Offs=000002  Size=000000  Align=00001  Fill=0000
    NULL              Offs=000000  Size=000000  Align=00001  Fill=0000
    STARTUP           Offs=000000  Size=000047  Align=00001  Fill=0000
    ROMINFO           Offs=000000  Size=000030  Align=00001  Fill=0000
    VECTORS           Offs=000000  Size=00001C  Align=00001  Fill=0000
../../bin/sfc.lib(init.o):
    CODE              Offs=0001F9  Size=0000F3  Align=00001  Fill=0000
    RODATA            Offs=001031  Size=000000  Align=00001  Fill=0000
    BSS               Offs=000000  Size=000000  Align=00001  Fill=0000
    DATA              Offs=000000  Size=000000  Align=00001  Fill=0000
    ZEROPAGE          Offs=000002  Size=000000  Align=00001  Fill=0000
    NULL              Offs=000000  Size=000000  Align=00001  Fill=0000
../../bin/sfc.lib(event.o):
    CODE              Offs=0002EC  Size=000101  Align=00001  Fill=0000
    RODATA            Offs=001031  Size=000000  Align=00001  Fill=0000
    BSS               Offs=000000  Size=000083  Align=00001  Fill=0000
    DATA              Offs=000000  Size=000000  Align=00001  Fill=0000
    ZEROPAGE          Offs=000002  Size=000000  Align=00001  Fill=0000
    NULL              Offs=000000  Size=000000  Align=00001  Fill=0000
../../bin/sfc.lib(sprite.o):
    CODE              Offs=0003ED  Size=00041C  Align=00001  Fill=0000
    RODATA            Offs=001031  Size=000000  Align=00001  Fill=0000
    BSS               Offs=000083  Size=000221  Align=00001  Fill=0000
    DATA              Offs=000000  Size=000000  Align=00001  Fill=0000
    ZEROPAGE          Offs=000002  Size=000000  Align=00001  Fill=0000
    NULL              Offs=000000  Size=000000  Align=00001  Fill=0000


Segment list:
-------------
Name                   Start     End    Size  Align
----------------------------------------------------
DATA                  000000  000000  000000  00001
NULL                  000000  000000  000000  00001
ZEROPAGE              000000  000001  000002  00001
BSS                   000200  0004A3  0002A4  00001
STARTUP               008000  008046  000047  00001
CODE                  008047  00884F  000809  00001
RODATA                008850  009880  001031  00001
ROMINFO               00FFB0  00FFDF  000030  00001
VECTORS               00FFE4  00FFFF  00001C  00001


Exports list by name:
---------------------
OAMDataUpdated            00849A RLA    _IRQHandler               008192 RLA    
_NMIHandler               0081B3 RLA    __ROMINFO_FILEOFFS__      007FB0  EA    
__ROMINFO_LAST__          00FFE0  LA    __ROMINFO_SIZE__          000034  EA    
__ROMINFO_START__         00FFB0  LA    __STARTUP__               000001 REA    
__VECTORS_FILEOFFS__      007FE4  EA    __VECTORS_LAST__          010000  LA    
__VECTORS_SIZE__          00001C  EA    __VECTORS_START__         00FFE4  LA    
_main                     008047 RLA    _preInit                  0081B7 RLA    
addEvent                  00835F  LA    clearOAM                  008434  LA    
copyOAM                   008463 RLA    eventsTable               000200  LA    
getEventCounter           008413  LA    hdmaMem                   009870  LA    
initEvents                008333 RLA    initSnes                  008240 RLA    
isEventActive             00841F  LA    loadSprite16              00879C  LA    
loadSprite32              0086A2  LA    loadSprite64              0084A8  LA    
loadSprite8               008816  LA    oamData                   000283 RLA    
processEvents             00838E RLA    removeAllEvent            0083FC  LA    
removeEvent               0083E3  LA    spriteInit                0081B8  LA    



Exports list by value:
----------------------
__STARTUP__               000001 REA    __VECTORS_SIZE__          00001C  EA    
__ROMINFO_SIZE__          000034  EA    eventsTable               000200  LA    
oamData                   000283 RLA    __ROMINFO_FILEOFFS__      007FB0  EA    
__VECTORS_FILEOFFS__      007FE4  EA    _main                     008047 RLA    
_IRQHandler               008192 RLA    _NMIHandler               0081B3 RLA    
_preInit                  0081B7 RLA    spriteInit                0081B8  LA    
initSnes                  008240 RLA    initEvents                008333 RLA    
addEvent                  00835F  LA    processEvents             00838E RLA    
removeEvent               0083E3  LA    removeAllEvent            0083FC  LA    
getEventCounter           008413  LA    isEventActive             00841F  LA    
clearOAM                  008434  LA    copyOAM                   008463 RLA    
OAMDataUpdated            00849A RLA    loadSprite64              0084A8  LA    
loadSprite32              0086A2  LA    loadSprite16              00879C  LA    
loadSprite8               008816  LA    hdmaMem                   009870  LA    
__ROMINFO_START__         00FFB0  LA    __ROMINFO_LAST__          00FFE0  LA    
__VECTORS_START__         00FFE4  LA    __VECTORS_LAST__          010000  LA    



Imports list:
-------------
OAMDataUpdated (sprite.o):
    spriteIRQTrick.o          ../../include/snes-sprite.inc(3)
_IRQHandler (spriteIRQTrick.o):
    crt0.o                    src/crt0.asm(13)
_NMIHandler (spriteIRQTrick.o):
    crt0.o                    src/crt0.asm(13)
__ROMINFO_FILEOFFS__ ([linker generated]):
__ROMINFO_LAST__ ([linker generated]):
__ROMINFO_SIZE__ ([linker generated]):
__ROMINFO_START__ ([linker generated]):
__STARTUP__ (crt0.o):
    spriteIRQTrick.o          spriteIRQTrick.asm(11)
__VECTORS_FILEOFFS__ ([linker generated]):
__VECTORS_LAST__ ([linker generated]):
__VECTORS_SIZE__ ([linker generated]):
__VECTORS_START__ ([linker generated]):
_main (spriteIRQTrick.o):
    crt0.o                    src/crt0.asm(11)
_preInit (spriteIRQTrick.o):
    crt0.o                    src/crt0.asm(12)
addEvent (event.o):
clearOAM (sprite.o):
copyOAM (sprite.o):
    spriteIRQTrick.o          ../../include/snes-sprite.inc(2)
eventsTable (event.o):
getEventCounter (event.o):
hdmaMem (spriteIRQTrick.o):
initEvents (event.o):
    spriteIRQTrick.o          spriteIRQTrick.asm(18)
initSnes (init.o):
    crt0.o                    src/crt0.asm(15)
isEventActive (event.o):
loadSprite16 (sprite.o):
loadSprite32 (sprite.o):
loadSprite64 (sprite.o):
loadSprite8 (sprite.o):
oamData (sprite.o):
    spriteIRQTrick.o          ../../include/snes-sprite.inc(9)
processEvents (event.o):
    spriteIRQTrick.o          spriteIRQTrick.asm(21)
removeAllEvent (event.o):
removeEvent (event.o):
spriteInit (spriteIRQTrick.o):

