Modules list:
-------------
scroll.o:
    CODE              Offs=000000  Size=000328  Align=00001  Fill=0000
    RODATA            Offs=000000  Size=000000  Align=00001  Fill=0000
    BSS               Offs=000000  Size=000028  Align=00001  Fill=0000
    DATA              Offs=000000  Size=000000  Align=00001  Fill=0000
    ZEROPAGE          Offs=000000  Size=000000  Align=00001  Fill=0000
    NULL              Offs=000000  Size=000000  Align=00001  Fill=0000
    BANK1             Offs=000000  Size=0022E0  Align=00001  Fill=0000
    BANK2             Offs=000000  Size=0031C0  Align=00001  Fill=0000
../../../cc65-sfclib/bin/sfc.lib(crt0.o):
    CODE              Offs=000328  Size=000000  Align=00001  Fill=0000
    RODATA            Offs=000000  Size=000000  Align=00001  Fill=0000
    BSS               Offs=000028  Size=000000  Align=00001  Fill=0000
    DATA              Offs=000000  Size=000000  Align=00001  Fill=0000
    ZEROPAGE          Offs=000000  Size=000000  Align=00001  Fill=0000
    NULL              Offs=000000  Size=000000  Align=00001  Fill=0000
    STARTUP           Offs=000000  Size=000047  Align=00001  Fill=0000
    ROMINFO           Offs=000000  Size=000030  Align=00001  Fill=0000
    VECTORS           Offs=000000  Size=00001C  Align=00001  Fill=0000
../../../cc65-sfclib/bin/sfc.lib(init.o):
    CODE              Offs=000328  Size=0000F3  Align=00001  Fill=0000
    RODATA            Offs=000000  Size=000000  Align=00001  Fill=0000
    BSS               Offs=000028  Size=000000  Align=00001  Fill=0000
    DATA              Offs=000000  Size=000000  Align=00001  Fill=0000
    ZEROPAGE          Offs=000000  Size=000000  Align=00001  Fill=0000
    NULL              Offs=000000  Size=000000  Align=00001  Fill=0000
../../../cc65-sfclib/bin/sfc.lib(event.o):
    CODE              Offs=00041B  Size=0000D1  Align=00001  Fill=0000
    RODATA            Offs=000000  Size=000000  Align=00001  Fill=0000
    BSS               Offs=000028  Size=000083  Align=00001  Fill=0000
    DATA              Offs=000000  Size=000000  Align=00001  Fill=0000
    ZEROPAGE          Offs=000000  Size=000000  Align=00001  Fill=0000
    NULL              Offs=000000  Size=000000  Align=00001  Fill=0000


Segment list:
-------------
Name                   Start     End    Size  Align
----------------------------------------------------
DATA                  000000  000000  000000  00001
NULL                  000000  000000  000000  00001
ZEROPAGE              000000  000000  000000  00001
BSS                   000200  0002AA  0000AB  00001
STARTUP               008000  008046  000047  00001
CODE                  008047  008532  0004EC  00001
RODATA                008533  008533  000000  00001
ROMINFO               00FFB0  00FFDF  000030  00001
VECTORS               00FFE4  00FFFF  00001C  00001
BANK1                 018000  01A2DF  0022E0  00001
BANK2                 028000  02B1BF  0031C0  00001


Exports list:
-------------
_IRQHandler               008369 RLA    _NMIHandler               00836A RLA    
__ROMINFO_FILEOFFS__      007FB0  EA    __ROMINFO_LAST__          00FFE0  LA    
__ROMINFO_SIZE__          000034  EA    __ROMINFO_START__         00FFB0  LA    
__STARTUP__               000001 REA    __VECTORS_FILEOFFS__      007FE4  EA    
__VECTORS_LAST__          010000  LA    __VECTORS_SIZE__          00001C  EA    
__VECTORS_START__         00FFE4  LA    _main                     008047 RLA    
_preInit                  00836E RLA    addEvent                  00848E RLA    
eventsTable               000228  LA    getEventCounter           008527  LA    
initEvents                008462 RLA    initLevelDMA              0082F0  LA    
initSnes                  00836F RLA    levelDMADst               000203  LA    
levelDMASize              000205  LA    levelDMASrc               000200  LA    
levelMap                  028000  LA    levelMapTable             00020C  LA    
mapPosition               000209  LA    processEvents             0084BD RLA    
removeEvent               008510  LA    scrollDirection           00020B  LA    
scrollEvent               008306  LA    


Imports list:
-------------
_IRQHandler (scroll.o):
    crt0.o                    src/crt0.asm(13)
_NMIHandler (scroll.o):
    crt0.o                    src/crt0.asm(13)
__ROMINFO_FILEOFFS__ ([linker generated]):
__ROMINFO_LAST__ ([linker generated]):
__ROMINFO_SIZE__ ([linker generated]):
__ROMINFO_START__ ([linker generated]):
__STARTUP__ (crt0.o):
    scroll.o                  scroll.asm(10)
__VECTORS_FILEOFFS__ ([linker generated]):
__VECTORS_LAST__ ([linker generated]):
__VECTORS_SIZE__ ([linker generated]):
__VECTORS_START__ ([linker generated]):
_main (scroll.o):
    crt0.o                    src/crt0.asm(11)
_preInit (scroll.o):
    crt0.o                    src/crt0.asm(12)
addEvent (event.o):
    scroll.o                  scroll.asm(18)
eventsTable (event.o):
getEventCounter (event.o):
initEvents (event.o):
    scroll.o                  scroll.asm(17)
initLevelDMA (scroll.o):
initSnes (init.o):
    crt0.o                    src/crt0.asm(15)
levelDMADst (scroll.o):
levelDMASize (scroll.o):
levelDMASrc (scroll.o):
levelMap (scroll.o):
levelMapTable (scroll.o):
mapPosition (scroll.o):
processEvents (event.o):
    scroll.o                  scroll.asm(20)
removeEvent (event.o):
scrollDirection (scroll.o):
scrollEvent (scroll.o):

