Modules list:
-------------
scroll.o:
    CODE              Offs=000000  Size=0001F8  Align=00001  Fill=0000
    RODATA            Offs=000000  Size=000080  Align=00001  Fill=0000
    BSS               Offs=000000  Size=000008  Align=00001  Fill=0000
    DATA              Offs=000000  Size=000000  Align=00001  Fill=0000
    ZEROPAGE          Offs=000000  Size=000000  Align=00001  Fill=0000
    NULL              Offs=000000  Size=000000  Align=00001  Fill=0000
    BANK1             Offs=000000  Size=0022E0  Align=00001  Fill=0000
    BANK2             Offs=000000  Size=0031C0  Align=00001  Fill=0000
../../bin/sfc.lib(crt0.o):
    CODE              Offs=0001F8  Size=000000  Align=00001  Fill=0000
    RODATA            Offs=000080  Size=000000  Align=00001  Fill=0000
    BSS               Offs=000008  Size=000000  Align=00001  Fill=0000
    DATA              Offs=000000  Size=000000  Align=00001  Fill=0000
    ZEROPAGE          Offs=000000  Size=000000  Align=00001  Fill=0000
    NULL              Offs=000000  Size=000000  Align=00001  Fill=0000
    STARTUP           Offs=000000  Size=000047  Align=00001  Fill=0000
    ROMINFO           Offs=000000  Size=000030  Align=00001  Fill=0000
    VECTORS           Offs=000000  Size=00001C  Align=00001  Fill=0000
../../bin/sfc.lib(init.o):
    CODE              Offs=0001F8  Size=0000F3  Align=00001  Fill=0000
    RODATA            Offs=000080  Size=000000  Align=00001  Fill=0000
    BSS               Offs=000008  Size=000000  Align=00001  Fill=0000
    DATA              Offs=000000  Size=000000  Align=00001  Fill=0000
    ZEROPAGE          Offs=000000  Size=000000  Align=00001  Fill=0000
    NULL              Offs=000000  Size=000000  Align=00001  Fill=0000
../../bin/sfc.lib(event.o):
    CODE              Offs=0002EB  Size=000101  Align=00001  Fill=0000
    RODATA            Offs=000080  Size=000000  Align=00001  Fill=0000
    BSS               Offs=000008  Size=000083  Align=00001  Fill=0000
    DATA              Offs=000000  Size=000000  Align=00001  Fill=0000
    ZEROPAGE          Offs=000000  Size=000000  Align=00001  Fill=0000
    NULL              Offs=000000  Size=000000  Align=00001  Fill=0000


Segment list:
-------------
Name                   Start     End    Size  Align
----------------------------------------------------
DATA                  000000  000000  000000  00001
NULL                  000000  000000  000000  00001
ZEROPAGE              000000  000000  000000  00001
BSS                   000200  00028A  00008B  00001
STARTUP               008000  008046  000047  00001
CODE                  008047  008432  0003EC  00001
RODATA                008433  0084B2  000080  00001
ROMINFO               00FFB0  00FFDF  000030  00001
VECTORS               00FFE4  00FFFF  00001C  00001
BANK1                 018000  01A2DF  0022E0  00001
BANK2                 028000  02B1BF  0031C0  00001


Exports list by name:
---------------------
_IRQHandler               008236 RLA    _NMIHandler               008237 RLA    
__ROMINFO_FILEOFFS__      007FB0  EA    __ROMINFO_LAST__          00FFE0  LA    
__ROMINFO_SIZE__          000034  EA    __ROMINFO_START__         00FFB0  LA    
__STARTUP__               000001 REA    __VECTORS_FILEOFFS__      007FE4  EA    
__VECTORS_LAST__          010000  LA    __VECTORS_SIZE__          00001C  EA    
__VECTORS_START__         00FFE4  LA    _main                     008047 RLA    
_preInit                  00823E RLA    addEvent                  00835E RLA    
eventsTable               000208  LA    getEventCounter           008412  LA    
initEvents                008332 RLA    initSnes                  00823F RLA    
isEventActive             00841E  LA    processEvents             00838D RLA    
removeAllEvent            0083FB  LA    removeEvent               0083E2  LA    
scrollEvent               0081C9  LA    


Exports list by value:
----------------------
__STARTUP__               000001 REA    __VECTORS_SIZE__          00001C  EA    
__ROMINFO_SIZE__          000034  EA    eventsTable               000208  LA    
__ROMINFO_FILEOFFS__      007FB0  EA    __VECTORS_FILEOFFS__      007FE4  EA    
_main                     008047 RLA    scrollEvent               0081C9  LA    
_IRQHandler               008236 RLA    _NMIHandler               008237 RLA    
_preInit                  00823E RLA    initSnes                  00823F RLA    
initEvents                008332 RLA    addEvent                  00835E RLA    
processEvents             00838D RLA    removeEvent               0083E2  LA    
removeAllEvent            0083FB  LA    getEventCounter           008412  LA    
isEventActive             00841E  LA    __ROMINFO_START__         00FFB0  LA    
__ROMINFO_LAST__          00FFE0  LA    __VECTORS_START__         00FFE4  LA    
__VECTORS_LAST__          010000  LA    


Imports list:
-------------
_IRQHandler (scroll.o):
    crt0.o                    src/crt0.asm(13)
_NMIHandler (scroll.o):
    crt0.o                    src/crt0.asm(13)
__ROMINFO_FILEOFFS__ ([linker generated]):
__ROMINFO_LAST__ ([linker generated]):
__ROMINFO_SIZE__ ([linker generated]):
__ROMINFO_START__ ([linker generated]):
__STARTUP__ (crt0.o):
    scroll.o                  scroll.asm(10)
__VECTORS_FILEOFFS__ ([linker generated]):
__VECTORS_LAST__ ([linker generated]):
__VECTORS_SIZE__ ([linker generated]):
__VECTORS_START__ ([linker generated]):
_main (scroll.o):
    crt0.o                    src/crt0.asm(11)
_preInit (scroll.o):
    crt0.o                    src/crt0.asm(12)
addEvent (event.o):
    scroll.o                  scroll.asm(18)
eventsTable (event.o):
getEventCounter (event.o):
initEvents (event.o):
    scroll.o                  scroll.asm(17)
initSnes (init.o):
    crt0.o                    src/crt0.asm(15)
isEventActive (event.o):
processEvents (event.o):
    scroll.o                  scroll.asm(20)
removeAllEvent (event.o):
removeEvent (event.o):
scrollEvent (scroll.o):

