Modules list:
-------------
spriteHdmaTrick.o:
    CODE              Offs=000000  Size=000211  Align=00001  Fill=0000
    RODATA            Offs=000000  Size=001029  Align=00001  Fill=0000
    BSS               Offs=000000  Size=000220  Align=00001  Fill=0000
    DATA              Offs=000000  Size=000000  Align=00001  Fill=0000
    ZEROPAGE          Offs=000000  Size=000000  Align=00001  Fill=0000
    NULL              Offs=000000  Size=000000  Align=00001  Fill=0000
../../bin/sfc.lib(crt0.o):
    CODE              Offs=000211  Size=000000  Align=00001  Fill=0000
    RODATA            Offs=001029  Size=000000  Align=00001  Fill=0000
    BSS               Offs=000220  Size=000000  Align=00001  Fill=0000
    DATA              Offs=000000  Size=000000  Align=00001  Fill=0000
    ZEROPAGE          Offs=000000  Size=000000  Align=00001  Fill=0000
    NULL              Offs=000000  Size=000000  Align=00001  Fill=0000
    STARTUP           Offs=000000  Size=000047  Align=00001  Fill=0000
    ROMINFO           Offs=000000  Size=000030  Align=00001  Fill=0000
    VECTORS           Offs=000000  Size=00001C  Align=00001  Fill=0000
../../bin/sfc.lib(init.o):
    CODE              Offs=000211  Size=0000F3  Align=00001  Fill=0000
    RODATA            Offs=001029  Size=000000  Align=00001  Fill=0000
    BSS               Offs=000220  Size=000000  Align=00001  Fill=0000
    DATA              Offs=000000  Size=000000  Align=00001  Fill=0000
    ZEROPAGE          Offs=000000  Size=000000  Align=00001  Fill=0000
    NULL              Offs=000000  Size=000000  Align=00001  Fill=0000
../../bin/sfc.lib(event.o):
    CODE              Offs=000304  Size=000101  Align=00001  Fill=0000
    RODATA            Offs=001029  Size=000000  Align=00001  Fill=0000
    BSS               Offs=000220  Size=000083  Align=00001  Fill=0000
    DATA              Offs=000000  Size=000000  Align=00001  Fill=0000
    ZEROPAGE          Offs=000000  Size=000000  Align=00001  Fill=0000
    NULL              Offs=000000  Size=000000  Align=00001  Fill=0000


Segment list:
-------------
Name                   Start     End    Size  Align
----------------------------------------------------
DATA                  000000  000000  000000  00001
NULL                  000000  000000  000000  00001
ZEROPAGE              000000  000000  000000  00001
BSS                   000200  0004A2  0002A3  00001
STARTUP               008000  008046  000047  00001
CODE                  008047  00844B  000405  00001
RODATA                00844C  009474  001029  00001
ROMINFO               00FFB0  00FFDF  000030  00001
VECTORS               00FFE4  00FFFF  00001C  00001


Exports list by name:
---------------------
_IRQHandler               008184 RLA    _NMIHandler               008185 RLA    
__ROMINFO_FILEOFFS__      007FB0  EA    __ROMINFO_LAST__          00FFE0  LA    
__ROMINFO_SIZE__          000034  EA    __ROMINFO_START__         00FFB0  LA    
__STARTUP__               000001 REA    __VECTORS_FILEOFFS__      007FE4  EA    
__VECTORS_LAST__          010000  LA    __VECTORS_SIZE__          00001C  EA    
__VECTORS_START__         00FFE4  LA    _main                     008047 RLA    
_preInit                  008189 RLA    addEvent                  008377  LA    
eventsTable               000420  LA    getEventCounter           00842B  LA    
hdmaMem                   00946C  LA    initEvents                00834B RLA    
initSnes                  008258 RLA    isEventActive             008437  LA    
oamData                   000200  LA    processEvents             0083A6 RLA    
removeAllEvent            008414  LA    removeEvent               0083FB  LA    
spriteInit                00818A  LA    


Exports list by value:
----------------------
__STARTUP__               000001 REA    __VECTORS_SIZE__          00001C  EA    
__ROMINFO_SIZE__          000034  EA    oamData                   000200  LA    
eventsTable               000420  LA    __ROMINFO_FILEOFFS__      007FB0  EA    
__VECTORS_FILEOFFS__      007FE4  EA    _main                     008047 RLA    
_IRQHandler               008184 RLA    _NMIHandler               008185 RLA    
_preInit                  008189 RLA    spriteInit                00818A  LA    
initSnes                  008258 RLA    initEvents                00834B RLA    
addEvent                  008377  LA    processEvents             0083A6 RLA    
removeEvent               0083FB  LA    removeAllEvent            008414  LA    
getEventCounter           00842B  LA    isEventActive             008437  LA    
hdmaMem                   00946C  LA    __ROMINFO_START__         00FFB0  LA    
__ROMINFO_LAST__          00FFE0  LA    __VECTORS_START__         00FFE4  LA    
__VECTORS_LAST__          010000  LA    


Imports list:
-------------
_IRQHandler (spriteHdmaTrick.o):
    crt0.o                    src/crt0.asm(13)
_NMIHandler (spriteHdmaTrick.o):
    crt0.o                    src/crt0.asm(13)
__ROMINFO_FILEOFFS__ ([linker generated]):
__ROMINFO_LAST__ ([linker generated]):
__ROMINFO_SIZE__ ([linker generated]):
__ROMINFO_START__ ([linker generated]):
__STARTUP__ (crt0.o):
    spriteHdmaTrick.o         spriteHdmaTrick.asm(10)
__VECTORS_FILEOFFS__ ([linker generated]):
__VECTORS_LAST__ ([linker generated]):
__VECTORS_SIZE__ ([linker generated]):
__VECTORS_START__ ([linker generated]):
_main (spriteHdmaTrick.o):
    crt0.o                    src/crt0.asm(11)
_preInit (spriteHdmaTrick.o):
    crt0.o                    src/crt0.asm(12)
addEvent (event.o):
eventsTable (event.o):
getEventCounter (event.o):
hdmaMem (spriteHdmaTrick.o):
initEvents (event.o):
    spriteHdmaTrick.o         spriteHdmaTrick.asm(17)
initSnes (init.o):
    crt0.o                    src/crt0.asm(15)
isEventActive (event.o):
oamData (spriteHdmaTrick.o):
processEvents (event.o):
    spriteHdmaTrick.o         spriteHdmaTrick.asm(20)
removeAllEvent (event.o):
removeEvent (event.o):
spriteInit (spriteHdmaTrick.o):

