Modules list:
-------------
metasprite.o:
    CODE              Offs=000000  Size=0003EE  Align=00001  Fill=0000
    RODATA            Offs=000000  Size=000045  Align=00001  Fill=0000
    BSS               Offs=000000  Size=000002  Align=00001  Fill=0000
    DATA              Offs=000000  Size=000000  Align=00001  Fill=0000
    ZEROPAGE          Offs=000000  Size=000022  Align=00001  Fill=0000
    NULL              Offs=000000  Size=000000  Align=00001  Fill=0000
    BANK1             Offs=000000  Size=002F00  Align=00100  Fill=0000
    BANK2             Offs=000000  Size=003300  Align=00100  Fill=0000
    BANK3             Offs=000000  Size=008000  Align=00001  Fill=0000
../../bin/sfc.lib(crt0.o):
    CODE              Offs=0003EE  Size=000000  Align=00001  Fill=0000
    RODATA            Offs=000045  Size=000000  Align=00001  Fill=0000
    BSS               Offs=000002  Size=000000  Align=00001  Fill=0000
    DATA              Offs=000000  Size=000000  Align=00001  Fill=0000
    ZEROPAGE          Offs=000022  Size=000000  Align=00001  Fill=0000
    NULL              Offs=000000  Size=000000  Align=00001  Fill=0000
    STARTUP           Offs=000000  Size=000047  Align=00001  Fill=0000
    ROMINFO           Offs=000000  Size=000030  Align=00001  Fill=0000
    VECTORS           Offs=000000  Size=00001C  Align=00001  Fill=0000
../../bin/sfc.lib(init.o):
    CODE              Offs=0003EE  Size=0000F3  Align=00001  Fill=0000
    RODATA            Offs=000045  Size=000000  Align=00001  Fill=0000
    BSS               Offs=000002  Size=000000  Align=00001  Fill=0000
    DATA              Offs=000000  Size=000000  Align=00001  Fill=0000
    ZEROPAGE          Offs=000022  Size=000000  Align=00001  Fill=0000
    NULL              Offs=000000  Size=000000  Align=00001  Fill=0000
../../bin/sfc.lib(event.o):
    CODE              Offs=0004E1  Size=000101  Align=00001  Fill=0000
    RODATA            Offs=000045  Size=000000  Align=00001  Fill=0000
    BSS               Offs=000002  Size=000083  Align=00001  Fill=0000
    DATA              Offs=000000  Size=000000  Align=00001  Fill=0000
    ZEROPAGE          Offs=000022  Size=000000  Align=00001  Fill=0000
    NULL              Offs=000000  Size=000000  Align=00001  Fill=0000
../../bin/sfc.lib(sprite.o):
    CODE              Offs=0005E2  Size=00041C  Align=00001  Fill=0000
    RODATA            Offs=000045  Size=000000  Align=00001  Fill=0000
    BSS               Offs=000085  Size=000221  Align=00001  Fill=0000
    DATA              Offs=000000  Size=000000  Align=00001  Fill=0000
    ZEROPAGE          Offs=000022  Size=000000  Align=00001  Fill=0000
    NULL              Offs=000000  Size=000000  Align=00001  Fill=0000


Segment list:
-------------
Name                   Start     End    Size  Align
----------------------------------------------------
DATA                  000000  000000  000000  00001
NULL                  000000  000000  000000  00001
ZEROPAGE              000000  000021  000022  00001
BSS                   000200  0004A5  0002A6  00001
STARTUP               008000  008046  000047  00001
CODE                  008047  008A44  0009FE  00001
RODATA                008A45  008A89  000045  00001
ROMINFO               00FFB0  00FFDF  000030  00001
VECTORS               00FFE4  00FFFF  00001C  00001
BANK1                 018000  01AEFF  002F00  00100
BANK2                 028000  02B2FF  003300  00100
BANK3                 038000  03FFFF  008000  00001


Exports list by name:
---------------------
OAMDataUpdated            00868F RLA    _IRQHandler               008337 RLA    
_NMIHandler               008358 RLA    __ROMINFO_FILEOFFS__      007FB0  EA    
__ROMINFO_LAST__          00FFE0  LA    __ROMINFO_SIZE__          000034  EA    
__ROMINFO_START__         00FFB0  LA    __STARTUP__               000001 REA    
__VECTORS_FILEOFFS__      007FE4  EA    __VECTORS_LAST__          010000  LA    
__VECTORS_SIZE__          00001C  EA    __VECTORS_START__         00FFE4  LA    
_main                     008047 RLA    _preInit                  00835C RLA    
addEvent                  008554 RLA    animFrameCounter          000201  LA    
animFrameIndex            000200  LA    clearOAM                  008629 RLA    
copyOAM                   008658 RLA    copyOAMEvent              008429  LA    
eventsTable               000202  LA    getEventCounter           008608  LA    
grabbingAnim              0083D5  LA    grabbingWalk              008A75  LA    
initEvents                008528 RLA    initSnes                  008435 RLA    
isEventActive             008614  LA    loadSprite16              008991  LA    
loadSprite32              008897  LA    loadSprite64              00869D  LA    
loadSprite8               008A0B  LA    oamData                   000285 RLA    
processEvents             008583 RLA    removeAllEvent            0085F1  LA    
removeEvent               0085D8  LA    setOam                    00835D  LA    



Exports list by value:
----------------------
__STARTUP__               000001 REA    __VECTORS_SIZE__          00001C  EA    
__ROMINFO_SIZE__          000034  EA    animFrameIndex            000200  LA    
animFrameCounter          000201  LA    eventsTable               000202  LA    
oamData                   000285 RLA    __ROMINFO_FILEOFFS__      007FB0  EA    
__VECTORS_FILEOFFS__      007FE4  EA    _main                     008047 RLA    
_IRQHandler               008337 RLA    _NMIHandler               008358 RLA    
_preInit                  00835C RLA    setOam                    00835D  LA    
grabbingAnim              0083D5  LA    copyOAMEvent              008429  LA    
initSnes                  008435 RLA    initEvents                008528 RLA    
addEvent                  008554 RLA    processEvents             008583 RLA    
removeEvent               0085D8  LA    removeAllEvent            0085F1  LA    
getEventCounter           008608  LA    isEventActive             008614  LA    
clearOAM                  008629 RLA    copyOAM                   008658 RLA    
OAMDataUpdated            00868F RLA    loadSprite64              00869D  LA    
loadSprite32              008897  LA    loadSprite16              008991  LA    
loadSprite8               008A0B  LA    grabbingWalk              008A75  LA    
__ROMINFO_START__         00FFB0  LA    __ROMINFO_LAST__          00FFE0  LA    
__VECTORS_START__         00FFE4  LA    __VECTORS_LAST__          010000  LA    



Imports list:
-------------
OAMDataUpdated (sprite.o):
    metasprite.o              ../../include/snes-sprite.inc(3)
_IRQHandler (metasprite.o):
    crt0.o                    src/crt0.asm(13)
_NMIHandler (metasprite.o):
    crt0.o                    src/crt0.asm(13)
__ROMINFO_FILEOFFS__ ([linker generated]):
__ROMINFO_LAST__ ([linker generated]):
__ROMINFO_SIZE__ ([linker generated]):
__ROMINFO_START__ ([linker generated]):
__STARTUP__ (crt0.o):
    metasprite.o              metasprite.asm(12)
__VECTORS_FILEOFFS__ ([linker generated]):
__VECTORS_LAST__ ([linker generated]):
__VECTORS_SIZE__ ([linker generated]):
__VECTORS_START__ ([linker generated]):
_main (metasprite.o):
    crt0.o                    src/crt0.asm(11)
_preInit (metasprite.o):
    crt0.o                    src/crt0.asm(12)
addEvent (event.o):
    metasprite.o              metasprite.asm(20)
animFrameCounter (metasprite.o):
animFrameIndex (metasprite.o):
clearOAM (sprite.o):
    metasprite.o              ../../include/snes-sprite.inc(1)
copyOAM (sprite.o):
    metasprite.o              ../../include/snes-sprite.inc(2)
copyOAMEvent (metasprite.o):
eventsTable (event.o):
getEventCounter (event.o):
grabbingAnim (metasprite.o):
grabbingWalk (metasprite.o):
initEvents (event.o):
    metasprite.o              metasprite.asm(19)
initSnes (init.o):
    crt0.o                    src/crt0.asm(15)
isEventActive (event.o):
loadSprite16 (sprite.o):
loadSprite32 (sprite.o):
loadSprite64 (sprite.o):
loadSprite8 (sprite.o):
oamData (sprite.o):
    metasprite.o              ../../include/snes-sprite.inc(9)
processEvents (event.o):
    metasprite.o              metasprite.asm(22)
removeAllEvent (event.o):
removeEvent (event.o):
setOam (metasprite.o):

