Modules list:
-------------
splash.o:
    CODE              Offs=000000  Size=0000ED  Align=00001  Fill=0000
    RODATA            Offs=000000  Size=0011A0  Align=00001  Fill=0000
../../bin/sfc.lib(crt0.o):
    STARTUP           Offs=000000  Size=000047  Align=00001  Fill=0000
    ROMINFO           Offs=000000  Size=000030  Align=00001  Fill=0000
    VECTORS           Offs=000000  Size=00001C  Align=00001  Fill=0000
../../bin/sfc.lib(init.o):
    CODE              Offs=0000ED  Size=0000F3  Align=00001  Fill=0000
../../bin/sfc.lib(event.o):
    CODE              Offs=0001E0  Size=000101  Align=00001  Fill=0000
    BSS               Offs=000000  Size=000083  Align=00001  Fill=0000
../../bin/sfc.lib(fadeIn.o):
    CODE              Offs=0002E1  Size=00003B  Align=00001  Fill=0000
    BSS               Offs=000083  Size=000004  Align=00001  Fill=0000


Segment list:
-------------
Name                   Start     End    Size  Align
----------------------------------------------------
BSS                   000200  000286  000087  00001
STARTUP               008000  008046  000047  00001
CODE                  008047  008362  00031C  00001
RODATA                008363  009502  0011A0  00001
ROMINFO               00FFB0  00FFDF  000030  00001
VECTORS               00FFE4  00FFFF  00001C  00001


Exports list by name:
---------------------
EVENT_FadeIn              00833D RLA    EVENT_FadeIn_Speed        000283 RLA    
EVENT_InitFadeIn          008328 RLA    _IRQHandler               00812D RLA    
_NMIHandler               00812E RLA    __STARTUP__               000001 REA    
_main                     008047 RLA    _preInit                  008132 RLA    
addEvent                  008253 RLA    initEvents                008227 RLA    
initSnes                  008134 RLA    processEvents             008282 RLA    



Exports list by value:
----------------------
__STARTUP__               000001 REA    EVENT_FadeIn_Speed        000283 RLA    
_main                     008047 RLA    _IRQHandler               00812D RLA    
_NMIHandler               00812E RLA    _preInit                  008132 RLA    
initSnes                  008134 RLA    initEvents                008227 RLA    
addEvent                  008253 RLA    processEvents             008282 RLA    
EVENT_InitFadeIn          008328 RLA    EVENT_FadeIn              00833D RLA    



Imports list:
-------------
EVENT_FadeIn (fadeIn.o):
    splash.o                  ../../include/events/fadeIn.inc(3)
EVENT_FadeIn_Speed (fadeIn.o):
    splash.o                  ../../include/events/fadeIn.inc(1)
EVENT_InitFadeIn (fadeIn.o):
    splash.o                  ../../include/events/fadeIn.inc(2)
_IRQHandler (splash.o):
    crt0.o                    src/crt0.asm(13)
_NMIHandler (splash.o):
    crt0.o                    src/crt0.asm(13)
__STARTUP__ (crt0.o):
    splash.o                  splash.asm(11)
_main (splash.o):
    crt0.o                    src/crt0.asm(11)
_preInit (splash.o):
    crt0.o                    src/crt0.asm(12)
addEvent (event.o):
    splash.o                  splash.asm(19)
initEvents (event.o):
    splash.o                  splash.asm(18)
initSnes (init.o):
    crt0.o                    src/crt0.asm(15)
processEvents (event.o):
    splash.o                  splash.asm(21)

