Modules list:
-------------
splash.o:
    CODE              Offs=000000  Size=000103  Align=00001  Fill=0000
    RODATA            Offs=000000  Size=0011A0  Align=00001  Fill=0000
../../../cc65-sfclib/bin/sfc.lib(crt0.o):
    STARTUP           Offs=000000  Size=000039  Align=00001  Fill=0000
    ROMINFO           Offs=000000  Size=000030  Align=00001  Fill=0000
    VECTORS           Offs=000000  Size=00001C  Align=00001  Fill=0000
../../../cc65-sfclib/bin/sfc.lib(init.o):
    CODE              Offs=000103  Size=0000F3  Align=00001  Fill=0000
../../../cc65-sfclib/bin/sfc.lib(event.o):
    CODE              Offs=0001F6  Size=0000CE  Align=00001  Fill=0000
    BSS               Offs=000000  Size=000083  Align=00001  Fill=0000


Segment list:
-------------
Name                   Start     End    Size  Align
----------------------------------------------------
BSS                   000200  000282  000083  00001
STARTUP               008000  008038  000039  00001
CODE                  008039  0082FC  0002C4  00001
RODATA                0082FD  00949C  0011A0  00001
ROMINFO               00FFB0  00FFDF  000030  00001
VECTORS               00FFE4  00FFFF  00001C  00001


Exports list:
-------------
_IRQHandler               00811B RLA    _NMIHandler               00811C RLA    
__STARTUP__               000001 REA    _main                     008039 RLA    
_preInit                  008120 RLA    addEvent                  00825B RLA    
initEvents                00822F RLA    initSnes                  00813C RLA    
processEvents             00828A RLA    


Imports list:
-------------
_IRQHandler (splash.o):
    crt0.o                    src/crt0.asm(13)
_NMIHandler (splash.o):
    crt0.o                    src/crt0.asm(13)
__STARTUP__ (crt0.o):
    splash.o                  splash.asm(10)
_main (splash.o):
    crt0.o                    src/crt0.asm(11)
_preInit (splash.o):
    crt0.o                    src/crt0.asm(12)
addEvent (event.o):
    splash.o                  splash.asm(18)
initEvents (event.o):
    splash.o                  splash.asm(17)
initSnes (init.o):
    crt0.o                    src/crt0.asm(15)
processEvents (event.o):
    splash.o                  splash.asm(20)

