Modules list:
-------------
hdmaRipple.o:
    CODE              Offs=000000  Size=000192  Align=00001  Fill=0000
    RODATA            Offs=000000  Size=0012D0  Align=00001  Fill=0000
    BSS               Offs=000000  Size=000204  Align=00001  Fill=0000
    DATA              Offs=000000  Size=000000  Align=00001  Fill=0000
    ZEROPAGE          Offs=000000  Size=000000  Align=00001  Fill=0000
    NULL              Offs=000000  Size=000000  Align=00001  Fill=0000
../../bin/sfc.lib(crt0.o):
    CODE              Offs=000192  Size=000000  Align=00001  Fill=0000
    RODATA            Offs=0012D0  Size=000000  Align=00001  Fill=0000
    BSS               Offs=000204  Size=000000  Align=00001  Fill=0000
    DATA              Offs=000000  Size=000000  Align=00001  Fill=0000
    ZEROPAGE          Offs=000000  Size=000000  Align=00001  Fill=0000
    NULL              Offs=000000  Size=000000  Align=00001  Fill=0000
    STARTUP           Offs=000000  Size=000047  Align=00001  Fill=0000
    ROMINFO           Offs=000000  Size=000030  Align=00001  Fill=0000
    VECTORS           Offs=000000  Size=00001C  Align=00001  Fill=0000
../../bin/sfc.lib(init.o):
    CODE              Offs=000192  Size=0000F3  Align=00001  Fill=0000
    RODATA            Offs=0012D0  Size=000000  Align=00001  Fill=0000
    BSS               Offs=000204  Size=000000  Align=00001  Fill=0000
    DATA              Offs=000000  Size=000000  Align=00001  Fill=0000
    ZEROPAGE          Offs=000000  Size=000000  Align=00001  Fill=0000
    NULL              Offs=000000  Size=000000  Align=00001  Fill=0000
../../bin/sfc.lib(event.o):
    CODE              Offs=000285  Size=000101  Align=00001  Fill=0000
    RODATA            Offs=0012D0  Size=000000  Align=00001  Fill=0000
    BSS               Offs=000204  Size=000083  Align=00001  Fill=0000
    DATA              Offs=000000  Size=000000  Align=00001  Fill=0000
    ZEROPAGE          Offs=000000  Size=000000  Align=00001  Fill=0000
    NULL              Offs=000000  Size=000000  Align=00001  Fill=0000


Segment list:
-------------
Name                   Start     End    Size  Align
----------------------------------------------------
DATA                  000000  000000  000000  00001
NULL                  000000  000000  000000  00001
ZEROPAGE              000000  000000  000000  00001
BSS                   000200  000486  000287  00001
STARTUP               008000  008046  000047  00001
CODE                  008047  0083CC  000386  00001
RODATA                0083CD  00969C  0012D0  00001
ROMINFO               00FFB0  00FFDF  000030  00001
VECTORS               00FFE4  00FFFF  00001C  00001


Exports list by name:
---------------------
_IRQHandler               008128 RLA    _NMIHandler               008129 RLA    
__ROMINFO_FILEOFFS__      007FB0  EA    __ROMINFO_LAST__          00FFE0  LA    
__ROMINFO_SIZE__          000034  EA    __ROMINFO_START__         00FFB0  LA    
__STARTUP__               000001 REA    __VECTORS_FILEOFFS__      007FE4  EA    
__VECTORS_LAST__          010000  LA    __VECTORS_SIZE__          00001C  EA    
__VECTORS_START__         00FFE4  LA    _main                     008047 RLA    
_preInit                  00812D RLA    addEvent                  0082F8 RLA    
eventsTable               000404  LA    getEventCounter           0083AC  LA    
hdmaInit                  00812E  LA    hdmaMem                   000204  LA    
initEvents                0082CC RLA    initSnes                  0081D9 RLA    
isEventActive             0083B8  LA    processEvents             008327 RLA    
removeAllEvent            008395  LA    removeEvent               00837C  LA    



Exports list by value:
----------------------
__STARTUP__               000001 REA    __VECTORS_SIZE__          00001C  EA    
__ROMINFO_SIZE__          000034  EA    hdmaMem                   000204  LA    
eventsTable               000404  LA    __ROMINFO_FILEOFFS__      007FB0  EA    
__VECTORS_FILEOFFS__      007FE4  EA    _main                     008047 RLA    
_IRQHandler               008128 RLA    _NMIHandler               008129 RLA    
_preInit                  00812D RLA    hdmaInit                  00812E  LA    
initSnes                  0081D9 RLA    initEvents                0082CC RLA    
addEvent                  0082F8 RLA    processEvents             008327 RLA    
removeEvent               00837C  LA    removeAllEvent            008395  LA    
getEventCounter           0083AC  LA    isEventActive             0083B8  LA    
__ROMINFO_START__         00FFB0  LA    __ROMINFO_LAST__          00FFE0  LA    
__VECTORS_START__         00FFE4  LA    __VECTORS_LAST__          010000  LA    



Imports list:
-------------
_IRQHandler (hdmaRipple.o):
    crt0.o                    src/crt0.asm(13)
_NMIHandler (hdmaRipple.o):
    crt0.o                    src/crt0.asm(13)
__ROMINFO_FILEOFFS__ ([linker generated]):
__ROMINFO_LAST__ ([linker generated]):
__ROMINFO_SIZE__ ([linker generated]):
__ROMINFO_START__ ([linker generated]):
__STARTUP__ (crt0.o):
    hdmaRipple.o              hdmaRipple.asm(10)
__VECTORS_FILEOFFS__ ([linker generated]):
__VECTORS_LAST__ ([linker generated]):
__VECTORS_SIZE__ ([linker generated]):
__VECTORS_START__ ([linker generated]):
_main (hdmaRipple.o):
    crt0.o                    src/crt0.asm(11)
_preInit (hdmaRipple.o):
    crt0.o                    src/crt0.asm(12)
addEvent (event.o):
    hdmaRipple.o              hdmaRipple.asm(18)
eventsTable (event.o):
getEventCounter (event.o):
hdmaInit (hdmaRipple.o):
hdmaMem (hdmaRipple.o):
initEvents (event.o):
    hdmaRipple.o              hdmaRipple.asm(17)
initSnes (init.o):
    crt0.o                    src/crt0.asm(15)
isEventActive (event.o):
processEvents (event.o):
    hdmaRipple.o              hdmaRipple.asm(20)
removeAllEvent (event.o):
removeEvent (event.o):

