Modules list:
-------------
metasprite.o:
    CODE              Offs=000000  Size=0003A4  Align=00001  Fill=0000
    RODATA            Offs=000000  Size=000062  Align=00001  Fill=0000
    BSS               Offs=000000  Size=000002  Align=00001  Fill=0000
    DATA              Offs=000000  Size=000000  Align=00001  Fill=0000
    ZEROPAGE          Offs=000000  Size=000020  Align=00001  Fill=0000
    NULL              Offs=000000  Size=000000  Align=00001  Fill=0000
    BANK1             Offs=000000  Size=002F00  Align=00100  Fill=0000
    BANK2             Offs=000000  Size=003300  Align=00100  Fill=0000
    BANK3             Offs=000000  Size=008000  Align=00001  Fill=0000
../../../cc65-sfclib/bin/sfc.lib(crt0.o):
    CODE              Offs=0003A4  Size=000000  Align=00001  Fill=0000
    RODATA            Offs=000062  Size=000000  Align=00001  Fill=0000
    BSS               Offs=000002  Size=000000  Align=00001  Fill=0000
    DATA              Offs=000000  Size=000000  Align=00001  Fill=0000
    ZEROPAGE          Offs=000020  Size=000000  Align=00001  Fill=0000
    NULL              Offs=000000  Size=000000  Align=00001  Fill=0000
    STARTUP           Offs=000000  Size=000047  Align=00001  Fill=0000
    ROMINFO           Offs=000000  Size=000030  Align=00001  Fill=0000
    VECTORS           Offs=000000  Size=00001C  Align=00001  Fill=0000
../../../cc65-sfclib/bin/sfc.lib(init.o):
    CODE              Offs=0003A4  Size=0000F3  Align=00001  Fill=0000
    RODATA            Offs=000062  Size=000000  Align=00001  Fill=0000
    BSS               Offs=000002  Size=000000  Align=00001  Fill=0000
    DATA              Offs=000000  Size=000000  Align=00001  Fill=0000
    ZEROPAGE          Offs=000020  Size=000000  Align=00001  Fill=0000
    NULL              Offs=000000  Size=000000  Align=00001  Fill=0000
../../../cc65-sfclib/bin/sfc.lib(event.o):
    CODE              Offs=000497  Size=0000FD  Align=00001  Fill=0000
    RODATA            Offs=000062  Size=000000  Align=00001  Fill=0000
    BSS               Offs=000002  Size=000083  Align=00001  Fill=0000
    DATA              Offs=000000  Size=000000  Align=00001  Fill=0000
    ZEROPAGE          Offs=000020  Size=000000  Align=00001  Fill=0000
    NULL              Offs=000000  Size=000000  Align=00001  Fill=0000
../../../cc65-sfclib/bin/sfc.lib(sprite.o):
    CODE              Offs=000594  Size=000074  Align=00001  Fill=0000
    RODATA            Offs=000062  Size=000000  Align=00001  Fill=0000
    BSS               Offs=000085  Size=000221  Align=00001  Fill=0000
    DATA              Offs=000000  Size=000000  Align=00001  Fill=0000
    ZEROPAGE          Offs=000020  Size=000000  Align=00001  Fill=0000
    NULL              Offs=000000  Size=000000  Align=00001  Fill=0000


Segment list:
-------------
Name                   Start     End    Size  Align
----------------------------------------------------
DATA                  000000  000000  000000  00001
NULL                  000000  000000  000000  00001
ZEROPAGE              000000  00001F  000020  00001
BSS                   000200  0004A5  0002A6  00001
STARTUP               008000  008046  000047  00001
CODE                  008047  00864E  000608  00001
RODATA                00864F  0086B0  000062  00001
ROMINFO               00FFB0  00FFDF  000030  00001
VECTORS               00FFE4  00FFFF  00001C  00001
BANK1                 018000  01AEFF  002F00  00100
BANK2                 028000  02B2FF  003300  00100
BANK3                 038000  03FFFF  008000  00001


Exports list by name:
---------------------
OAMDataUpdated            008641 RLA    _IRQHandler               00833E RLA    
_NMIHandler               00833F RLA    __ROMINFO_FILEOFFS__      007FB0  EA    
__ROMINFO_LAST__          00FFE0  LA    __ROMINFO_SIZE__          000034  EA    
__ROMINFO_START__         00FFB0  LA    __STARTUP__               000001 REA    
__VECTORS_FILEOFFS__      007FE4  EA    __VECTORS_LAST__          010000  LA    
__VECTORS_SIZE__          00001C  EA    __VECTORS_START__         00FFE4  LA    
_main                     008047 RLA    _preInit                  008343 RLA    
addEvent                  00850A RLA    animFrameCounter          000201  LA    
animFrameIndex            000200  LA    clearOAM                  0085DB RLA    
copyOAM                   00860A RLA    copyOAMEvent              0083DF  LA    
eventsTable               000202  LA    getEventCounter           0085BA  LA    
grabbingWalk              0086A4  LA    hdmaInit                  008344  LA    
hdmaMem                   00864F  LA    initEvents                0084DE RLA    
initSnes                  0083EB RLA    isEventActive             0085C6  LA    
oamData                   000285 RLA    processEvents             008539 RLA    
removeAllEvent            0085A3  LA    removeEvent               00858C  LA    
setOAMFrame               008365  LA    setOAMFrameDMA            00838D  LA    
setOAMTranslate           0083C2  LA    


Exports list by value:
----------------------
__STARTUP__               000001 REA    __VECTORS_SIZE__          00001C  EA    
__ROMINFO_SIZE__          000034  EA    animFrameIndex            000200  LA    
animFrameCounter          000201  LA    eventsTable               000202  LA    
oamData                   000285 RLA    __ROMINFO_FILEOFFS__      007FB0  EA    
__VECTORS_FILEOFFS__      007FE4  EA    _main                     008047 RLA    
_IRQHandler               00833E RLA    _NMIHandler               00833F RLA    
_preInit                  008343 RLA    hdmaInit                  008344  LA    
setOAMFrame               008365  LA    setOAMFrameDMA            00838D  LA    
setOAMTranslate           0083C2  LA    copyOAMEvent              0083DF  LA    
initSnes                  0083EB RLA    initEvents                0084DE RLA    
addEvent                  00850A RLA    processEvents             008539 RLA    
removeEvent               00858C  LA    removeAllEvent            0085A3  LA    
getEventCounter           0085BA  LA    isEventActive             0085C6  LA    
clearOAM                  0085DB RLA    copyOAM                   00860A RLA    
OAMDataUpdated            008641 RLA    hdmaMem                   00864F  LA    
grabbingWalk              0086A4  LA    __ROMINFO_START__         00FFB0  LA    
__ROMINFO_LAST__          00FFE0  LA    __VECTORS_START__         00FFE4  LA    
__VECTORS_LAST__          010000  LA    


Imports list:
-------------
OAMDataUpdated (sprite.o):
    metasprite.o              ../../../cc65-sfclib/include/snes-sprite.inc(3)
_IRQHandler (metasprite.o):
    crt0.o                    src/crt0.asm(13)
_NMIHandler (metasprite.o):
    crt0.o                    src/crt0.asm(13)
__ROMINFO_FILEOFFS__ ([linker generated]):
__ROMINFO_LAST__ ([linker generated]):
__ROMINFO_SIZE__ ([linker generated]):
__ROMINFO_START__ ([linker generated]):
__STARTUP__ (crt0.o):
    metasprite.o              metasprite.asm(11)
__VECTORS_FILEOFFS__ ([linker generated]):
__VECTORS_LAST__ ([linker generated]):
__VECTORS_SIZE__ ([linker generated]):
__VECTORS_START__ ([linker generated]):
_main (metasprite.o):
    crt0.o                    src/crt0.asm(11)
_preInit (metasprite.o):
    crt0.o                    src/crt0.asm(12)
addEvent (event.o):
    metasprite.o              metasprite.asm(19)
animFrameCounter (metasprite.o):
animFrameIndex (metasprite.o):
clearOAM (sprite.o):
    metasprite.o              ../../../cc65-sfclib/include/snes-sprite.inc(1)
copyOAM (sprite.o):
    metasprite.o              ../../../cc65-sfclib/include/snes-sprite.inc(2)
copyOAMEvent (metasprite.o):
eventsTable (event.o):
getEventCounter (event.o):
grabbingWalk (metasprite.o):
hdmaInit (metasprite.o):
hdmaMem (metasprite.o):
initEvents (event.o):
    metasprite.o              metasprite.asm(18)
initSnes (init.o):
    crt0.o                    src/crt0.asm(15)
isEventActive (event.o):
oamData (sprite.o):
    metasprite.o              ../../../cc65-sfclib/include/snes-sprite.inc(5)
processEvents (event.o):
    metasprite.o              metasprite.asm(21)
removeAllEvent (event.o):
removeEvent (event.o):
setOAMFrame (metasprite.o):
setOAMFrameDMA (metasprite.o):
setOAMTranslate (metasprite.o):

