Modules list:
-------------
transparency.o:
    CODE              Offs=000000  Size=0002CF  Align=00001  Fill=0000
    RODATA            Offs=000000  Size=000960  Align=00001  Fill=0000
    BSS               Offs=000000  Size=000000  Align=00001  Fill=0000
    DATA              Offs=000000  Size=000000  Align=00001  Fill=0000
    ZEROPAGE          Offs=000000  Size=000000  Align=00001  Fill=0000
    NULL              Offs=000000  Size=000000  Align=00001  Fill=0000
    BANK1             Offs=000000  Size=000040  Align=00001  Fill=0000
../../bin/sfc.lib(crt0.o):
    CODE              Offs=0002CF  Size=000000  Align=00001  Fill=0000
    RODATA            Offs=000960  Size=000000  Align=00001  Fill=0000
    BSS               Offs=000000  Size=000000  Align=00001  Fill=0000
    DATA              Offs=000000  Size=000000  Align=00001  Fill=0000
    ZEROPAGE          Offs=000000  Size=000000  Align=00001  Fill=0000
    NULL              Offs=000000  Size=000000  Align=00001  Fill=0000
    STARTUP           Offs=000000  Size=000047  Align=00001  Fill=0000
    ROMINFO           Offs=000000  Size=000030  Align=00001  Fill=0000
    VECTORS           Offs=000000  Size=00001C  Align=00001  Fill=0000
../../bin/sfc.lib(init.o):
    CODE              Offs=0002CF  Size=0000F3  Align=00001  Fill=0000
    RODATA            Offs=000960  Size=000000  Align=00001  Fill=0000
    BSS               Offs=000000  Size=000000  Align=00001  Fill=0000
    DATA              Offs=000000  Size=000000  Align=00001  Fill=0000
    ZEROPAGE          Offs=000000  Size=000000  Align=00001  Fill=0000
    NULL              Offs=000000  Size=000000  Align=00001  Fill=0000
../../bin/sfc.lib(event.o):
    CODE              Offs=0003C2  Size=000101  Align=00001  Fill=0000
    RODATA            Offs=000960  Size=000000  Align=00001  Fill=0000
    BSS               Offs=000000  Size=000083  Align=00001  Fill=0000
    DATA              Offs=000000  Size=000000  Align=00001  Fill=0000
    ZEROPAGE          Offs=000000  Size=000000  Align=00001  Fill=0000
    NULL              Offs=000000  Size=000000  Align=00001  Fill=0000
../../bin/sfc.lib(sprite.o):
    CODE              Offs=0004C3  Size=000074  Align=00001  Fill=0000
    RODATA            Offs=000960  Size=000000  Align=00001  Fill=0000
    BSS               Offs=000083  Size=000221  Align=00001  Fill=0000
    DATA              Offs=000000  Size=000000  Align=00001  Fill=0000
    ZEROPAGE          Offs=000000  Size=000000  Align=00001  Fill=0000
    NULL              Offs=000000  Size=000000  Align=00001  Fill=0000


Segment list:
-------------
Name                   Start     End    Size  Align
----------------------------------------------------
DATA                  000000  000000  000000  00001
NULL                  000000  000000  000000  00001
ZEROPAGE              000000  000000  000000  00001
BSS                   000200  0004A3  0002A4  00001
STARTUP               008000  008046  000047  00001
CODE                  008047  00857D  000537  00001
RODATA                00857E  008EDD  000960  00001
ROMINFO               00FFB0  00FFDF  000030  00001
VECTORS               00FFE4  00FFFF  00001C  00001
BANK1                 018000  01803F  000040  00001


Exports list by name:
---------------------
OAMDataUpdated            008570 RLA    _IRQHandler               0081F9 RLA    
_NMIHandler               0081FA RLA    __ROMINFO_FILEOFFS__      007FB0  EA    
__ROMINFO_LAST__          00FFE0  LA    __ROMINFO_SIZE__          000034  EA    
__ROMINFO_START__         00FFB0  LA    __STARTUP__               000001 REA    
__VECTORS_FILEOFFS__      007FE4  EA    __VECTORS_LAST__          010000  LA    
__VECTORS_SIZE__          00001C  EA    __VECTORS_START__         00FFE4  LA    
_main                     008047 RLA    _preInit                  0081FE RLA    
addEvent                  008435  LA    clearOAM                  00850A RLA    
copyOAM                   008539 RLA    eventsTable               000200  LA    
getEventCounter           0084E9  LA    initEvents                008409 RLA    
initSnes                  008316 RLA    isEventActive             0084F5  LA    
oamData                   000283 RLA    processEvents             008464 RLA    
removeAllEvent            0084D2  LA    removeEvent               0084B9  LA    



Exports list by value:
----------------------
__STARTUP__               000001 REA    __VECTORS_SIZE__          00001C  EA    
__ROMINFO_SIZE__          000034  EA    eventsTable               000200  LA    
oamData                   000283 RLA    __ROMINFO_FILEOFFS__      007FB0  EA    
__VECTORS_FILEOFFS__      007FE4  EA    _main                     008047 RLA    
_IRQHandler               0081F9 RLA    _NMIHandler               0081FA RLA    
_preInit                  0081FE RLA    initSnes                  008316 RLA    
initEvents                008409 RLA    addEvent                  008435  LA    
processEvents             008464 RLA    removeEvent               0084B9  LA    
removeAllEvent            0084D2  LA    getEventCounter           0084E9  LA    
isEventActive             0084F5  LA    clearOAM                  00850A RLA    
copyOAM                   008539 RLA    OAMDataUpdated            008570 RLA    
__ROMINFO_START__         00FFB0  LA    __ROMINFO_LAST__          00FFE0  LA    
__VECTORS_START__         00FFE4  LA    __VECTORS_LAST__          010000  LA    



Imports list:
-------------
OAMDataUpdated (sprite.o):
    transparency.o            ../../include/snes-sprite.inc(3)
_IRQHandler (transparency.o):
    crt0.o                    src/crt0.asm(13)
_NMIHandler (transparency.o):
    crt0.o                    src/crt0.asm(13)
__ROMINFO_FILEOFFS__ ([linker generated]):
__ROMINFO_LAST__ ([linker generated]):
__ROMINFO_SIZE__ ([linker generated]):
__ROMINFO_START__ ([linker generated]):
__STARTUP__ (crt0.o):
    transparency.o            transparency.asm(12)
__VECTORS_FILEOFFS__ ([linker generated]):
__VECTORS_LAST__ ([linker generated]):
__VECTORS_SIZE__ ([linker generated]):
__VECTORS_START__ ([linker generated]):
_main (transparency.o):
    crt0.o                    src/crt0.asm(11)
_preInit (transparency.o):
    crt0.o                    src/crt0.asm(12)
addEvent (event.o):
clearOAM (sprite.o):
    transparency.o            ../../include/snes-sprite.inc(1)
copyOAM (sprite.o):
    transparency.o            ../../include/snes-sprite.inc(2)
eventsTable (event.o):
getEventCounter (event.o):
initEvents (event.o):
    transparency.o            transparency.asm(19)
initSnes (init.o):
    crt0.o                    src/crt0.asm(15)
isEventActive (event.o):
oamData (sprite.o):
    transparency.o            ../../include/snes-sprite.inc(5)
processEvents (event.o):
    transparency.o            transparency.asm(22)
removeAllEvent (event.o):
removeEvent (event.o):

